                        ;
                        ;
                        ;*********************************
                        ;*                               *
                        ;*          DRUMSYS 0.6          *
                        ;*                               *
                        ;*   8700/EK-2 DRUM OPERATING    *
                        ;*            SYSTEM             *
                        ;*              BY               *
                        ;*         JOHN SIMONTON         *
                        ;*                               *
                        ;*(C) 1978 - PAIA ELECTRONICS,INC*
                        ;*                               *
                        ;*********************************
                        ;
00f0 =                  BUFF	= $00F0
0820 =                  DSP		= $0820
ff00 =                  DECD	= $FF00
0f22 =                  BEEP	= $0F22
0100 =                  SCOR	= $0100
0086 =                  DUMY	= $0086
0840 =                  OUTP	= $0840
0e25 =                  SNBT	= $0E25
0eaa =                  CASS	= $0EAA
                        
00d1 =                  STBL	= $00D1
                        
                        ;*********************************
00d1 =                  		org $00D1
                        ;*********************************
                        ;
00d1 : ff00800100010001 TAPE	db	$FF, $00, $80, $01, $00, $01, $00, $01
                        ;DRUM SIGNATURES
00d9 : fffefdf3f7efdfbf DSIG	db	$FF, $FE, $FD, $F3, $F7, $EF, $DF, $BF
                        ;S-TABLE (CONTROL CODES)
00e1 : 699c8c86         CRL		db	lo RUN, lo TMP, lo BACK, lo STEP
00e5 : 7bb1b8cc         		db	lo WAIT, lo TOUT, lo TIN, lo STRB
00e9 : 00               PNTR	db	$00
00ea : 08               TMPO	db	$08
00eb : 20               EXP		db	$20
00ec : ff               CNTR	db	$FF ;??
00f6 =                  		org $00F6
00f6 : f6f7f8f9fafbfc.. PAR1	db 	$F6, $F7, $F8, $F9, $FA, $FB, $FC, $FD, $FF, 
                        ;*********************************
0000 =                  		org $0000
                        ;*********************************
                        ;
0000 : a986             SPHK	lda	#$86	;SPARE HOOK KEYS 8-F3
0002 : 8538             		sta	<ACTN+1	;USED ONLY TO RE-START
0004 : ea               		nop			;SYTEM.  IN LATER VERSIONS
                        		;nop		;WILL PROVIDE ADDITTIONAL
                        ;					FEATURES
                        ;
0005 : a900             STAR	lda	#$00	;PREPARE ACCUMULATOR AND
0007 : 85e9             		sta	<PNTR	;ZERO SCORE POINTER
0009 : 8d2008            		sta	DSP		;AND DISPLAYS
000c : aa               		tax			;PREPARE X REG AS POINTER
000d : 9d0001           SLP0	sta	SCOR,x	;AND USE IT TO CLEAR SCORE
0010 : e8               		inx
0011 : d0fa             		bne	SLP0	;LOOP UNTIL DONE
0013 : 205200           SLP1	jsr	RDKY	;GO READ THE KEYBOARD, ETC.
0016 : b01f             		bcs	ACTN	;AND IF NO NEW KEYS, BRAND
0018 : c910             		cmp	#$10	;NEW KEY - A "CONTROL" KEY?
001a : b016             		bcs	CTRL	;YES - BRANCH TO CONTROL
001c : c908             		cmp	#$08	;ONE OF "SPARE" KEYS?
001e : b0e0             		bcs	SPHK	;YES- BRANCH
                        ; 		**
0020 : a986             NTRY	lda	#$86	;DRUM ENTRY MODE, GET LINK
0022 : 8538             		sta	<ACTN+1	;SET LINK
0024 : b9d900            		lda	DSIG,y	;GET DRUM SIGNATURE
0027 : a6e9             		ldx	<PNTR	;GET SCORE POINTER
0029 : 9d0001            		sta	SCOR,x	;SAVE DRUM SIG IN SCORE
002c : 203d00            		jsr	PLAY	;PLAY THE DRUM BEAT
002f : 4c1300            		jmp	SLP1	;LOOP FOR MORE
0032 : b9d100           CTRL	lda	STBL,y	;GET COMMAND ADDRESS LINK
0035 : 8538             		sta	<ACTN+1	;AND SET LINK IN JSR DUMY
0037 : 208600           ACTN	jsr	DUMY	;AND GO TO COMMAND SUBROUTINE
003a : 4c1300            		jmp	SLP1	;THEN LOOP FOR MORE
                        ;
                        ;PLAY SUBROUTINE
                        ;
003d : a4eb             PLAY	ldy	<EXP	;GET EXPRESSION VARIABLE
003f : 8d4008           		sta	OUTP	;OUTPUT CONTROL TO EK-2
0042 : 297f             		and	#$7F	;RESET STROBE BIT
0044 : 88               PLA0	dey			;DELAY FOR THE EXP. TIME
0045 : d0fd             		bne	PLA0	;LOOP UNTIL DONE
0047 : 8d4008            		sta	OUTP	;AND TURN DRUM "OFF"
004a : e6e9             		inc	<PNTR	;INCREMENT SCORE POINTER
004c : a6e9             		ldx	<PNTR	;PLACE IN X REGISTER
004e : 8e2008            		stx	DSP		;AND SHOW IN DISPLAYS
0051 : 60               		rts			;THEN RETURN
                        ;
                        ;READ KEY-ALSO IMPORTANT TO TEMPO
                        ;
0052 : 2000ff           RDKY	jsr	DECD	;PIEBUG KEYBOARD SUBROUTINE
0055 : b005             		bcs	DLY		;SAME KEY - JUST DELAY
0057 : a200             		ldx	#$00
0059 : 86ec             		stx	<CNTR	;ZERO TEMP COUNTER
005b : 60               		rts
005c : a220             DLY		ldx	#$20	;SET X AND Y REGISTER
005e : a03f             NXTX	ldy	#$3F	;DELAY PARAMETERS
0060 : 88               DELY	dey			;AND DO DELAY
0061 : d0fd             		bne	DELY
0063 : ca               		dex
0064 : d0f8             		bne	NXTX	;LOOP UNTIL DONE
0066 : e6ec             		inc	<CNTR	;INCREMENT TEMPO COUNTER
0068 : 60               		rts			;AND RETURN
                        ;
                        ;RUN SUBROUTINE
                        ;
                        ;		**
0069 : a97b             RUN		lda	#lo WAIT;COMMAND LINK TO 'WAIT'
006b : 8538             		sta	<ACTN+1	;SET COMMAND LINK
006d : a900             CYCL	lda	#$00	;PREPARE AND SET
006f : 85e9             		sta	<PNTR	;SCORE POINTER TO 0
0071 : a6e9             CONT	ldx	<PNTR	;GET CURRENT SCORE POINTER
0073 : bd0001            		lda	SCOR,x	;GET CURRENT DRUM SIGNATURE
0076 : f0f5             		beq	CYCL	;ZERO, END OF SCORE-BRANCH
0078 : 203d00           		jsr	PLAY	;GO PLAY DRUM SOUND, ETC.
007b : a5ec             WAIT	lda	<CNTR	;GET TEMPO COUNTER AND
007d : 45ea             		eor	<TMPO	;COMPARE TO TEMPO VARIABLE
007f : d004             		bne	RETN	;IF NOT TIMED OUT, RETURN
0081 : 85ec             		sta	<CNTR	;TIMED OUT - ZERO COUNTER
0083 : f0ec             		beq	CONT	;BRANCH ALWAYS TO PLAY, ETC
0085 : 60               RETN	rts			;RETURN
                        ;
                        ;SINGLE STEP SUBROUTINE
                        ;
                        ;		**
0086 : a985             STEP	lda	#lo RETN;COMMAND LINK TO "RETN"
0088 : 8538             		sta	<ACTN+1	;SET COMMAND LINK
008a : d0e5             		bne	CONT	;BRANCH ALWAYS TO PLAY, ETC
                        ;
                        ;BACKSPACE SUBROUTINE
                        ;
                        ;		**
008c : a995             BACK	lda	#lo NEXT;COMMAND LINK TO "NEXT'
008e : 8538             		sta	<ACTN+1	;SET COMMAND LINK
0090 : c6e9             		dec	<PNTR	;SCORE POINTER BACK ONE
0092 : d0dd             		bne	CONT	;GO PLAY SCORE, ETC
0094 : 60               		rts			;AND RETURN.
                        ;
0095 : a985             NEXT	lda	#lo RETN;COMMAND LINK TO "RETN"
0097 : 8538             		sta	<ACTN+1	;SET COMMAND LINK
0099 : c6e9             		dec	<PNTR	;SCORE POINTER BACK ONE
009b : 60               		rts			;RETURN
                        ;
                        ;TEMPO
                        ;
                        ;
009c : a9a4             TMP		lda	#lo NXT2;COMMAND LINK TO "NXT2"
009e : 8538             		sta	<ACTN+1	;SET COMMAND LINK
00a0 : a900             		lda	#$00	;INITIALIZE TEMPO COUNTER
00a2 : 85ea             		sta	<TMPO	;AND START COUNTIN
00a4 : e6ea             NXT2	inc <TMPO	;UNTIL NEXT COMMAND
00a6 : 60               		rts			;RETURN
                        ;
                        ;SET UP FOR TAPE TRANSFER
                        ;
00a7 : a207             STTP	ldx	#$07	;TRANSFER SEVEN BYTES
00a9 : b5d1             STP		lda	TAPE,x	;GET PARAMETER
00ab : 95f0             		sta	BUFF,x	;PLACE PARAMETER
00ad : ca               		dex			;POINT TO NEXT
00ae : d0f9             		bne	STP		;LOOP UNTIL ALL TRANSFERED
00b0 : 60               		rts			;THEN RETURN
                        ;
                        ;TAPE IN AND OUT ROUTINES
                        ;
00b1 : 20a700           TOUT	jsr	STTP	;SET UP PARAMETERS
00b4 : a9dd             		lda	#$DD	;SET DUMP "SWITCH"
00b6 : d005             		bne	DO		;BRANCH ALWAYS
00b8 : 20a700           TIN		jsr	STTP	;SET UP PARAMETERS
00bb : a911             		lda	#$11	;SET LOAD "SWITCH"
00bd : 20250e           DO		jsr	SNBT	;TURN ON RELAYS
00c0 : 20aa0e            		jsr	CASS	;DO CASSETTE ROUTINE
                        ;		**
00c3 : a985             		lda	#lo RETN;COMMAND LINK TO "RETN"
00c5 : 8538             		sta	<ACTN+1	;SET LINK
00c7 : 18               		clc			;PREPARE FOR BEEP
00c8 : 20220f            		jsr	BEEP	;TURN OFF RELAYS AND BEEP
00cb : 60               		rts			;AND RETURN
                        ;
                        ;STROBE DRUM EFFECT
                        ;
00cc : c6e9             STRB	dec	<PNTR	;PREPARE TO GET SAME DRUM
00ce : 4c7100            		jmp	CONT	;PLAY DRUM
                        ;
                        ;
                        ;
                        ;
                        	end

-------------------------------- Symbol Table --------------------------------

              Symbol   Value        Decimal

                ACTN : $0037             55
                BACK : $008c            140
                BEEP : $0f22           3874   *
                BUFF : $00f0            240   *
                CASS : $0eaa           3754   *
                CNTR : $00ec            236
                CONT : $0071            113
                 CRL : $00e1            225
                CTRL : $0032             50
                CYCL : $006d            109
                DECD : $ff00          65280   *
                DELY : $0060             96
                 DLY : $005c             92
                  DO : $00bd            189
                DSIG : $00d9            217
                 DSP : $0820           2080   *
                DUMY : $0086            134   *
                 EXP : $00eb            235
                NEXT : $0095            149
                NTRY : $0020             32
                NXTX : $005e             94
                NXT2 : $00a4            164
                OUTP : $0840           2112   *
                PAR1 : $00f6            246
                PLAY : $003d             61
                PLA0 : $0044             68
                PNTR : $00e9            233
                RDKY : $0052             82
                RETN : $0085            133
                 RUN : $0069            105
                SCOR : $0100            256   *
                SLP0 : $000d             13
                SLP1 : $0013             19
                SNBT : $0e25           3621   *
                SPHK : $0000              0
                STAR : $0005              5
                STBL : $00d1            209   *
                STEP : $0086            134
                 STP : $00a9            169
                STRB : $00cc            204
                STTP : $00a7            167
                TAPE : $00d1            209
                 TIN : $00b8            184
                 TMP : $009c            156
                TMPO : $00ea            234
                TOUT : $00b1            177
                WAIT : $007b            123