					org	$0100
				;
0100 : A2 FF 		"  "		ldx	#$FF
0102 : 9A 			" "			txs
0103 : A9 DF 		"  "		lda	#$DF
0105 : 38 			"8"			sec
0106 : E5 EA 		"  "		sbc	OUTS
0108 : 85 99 		"  "		sta	NTS
010A : A9 00 		"  "		lda	#$00
010C : 85 9A 		"  "		sta	NTS+1
010E				OPTN:
010E : 20 21 0D 	" ! "		jsr	INIT
0111				PLOOP:
0111 : 20 71 0D 	" q "		jsr	POLY
0114 : 20 C3 0D 	"   "		jsr	TRNGN
0117 : 20 2B 0D 	" + "		jsr	NOTE
011A : A5 BF 		"  "		lda	CLK
011C : 8D 20 08 	"   "		sta	DISPLAY
011F : 20 00 0F 	"   "		jsr	DECODE
0122 : C9 01 		"  "		cmp	#$01
0124 : 90 E8 		"  "		bcc	OPTN
0126 : D0 07 		"  "		bne	MORE
0128 : A0 5C 		" \"		ldy	#$5C
012A : 20 52 0D 	" R "		jsr	FILL
012D : F0 E2 		"  "		beq	PLOOP
012F				MORE:
012F : C9 14 		"  "		cmp	#$14
0131 : F0 06 		"  "		beq	CHORUS
0133 : C9 15 		"  "		cmp	#$15
0135 : F0 32 		" 2"		beq	SPLITZ
0137 : D0 D8 		"  "		bne	PLOOP
0139				CHORUS:
0139 : A5 EA 		"  "		lda	OUTS
013B : 85 98 		"  "		sta	COUNT
013D				IN:
013D : 20 BC 01 	"   "		jsr	CLEAR
0140 : A5 E7 		"  "		lda	KTBLMAX
0142 : F0 0C 		"  "		beq	OUT
0144 : C5 97 		"  "		cmp	OLDKEY
0146 : F0 04 		"  "		beq	SAME
0148 : C6 98 		"  "		dec	COUNT
014A : F0 04 		"  "		beq	OUT
014C				SAME:
014C : A4 98 		"  "		ldy	COUNT
014E : 91 99 		"  "		sta	(NTS),y
0150				OUT:
0150 : 85 97 		"  "		sta	OLDKEY
0152 : 20 2B 0D 	" + "		jsr	NOTE
0155 : 20 00 0F 	"   "		jsr	DECODE
0158 : C9 15 		"  "		cmp	#$15
015A : F0 0D 		"  "		beq	SPLITZ
015C : C9 16 		"  "		cmp	#$16
015E : F0 B1 		"  "		beq	PLOOP
0160 : A5 98 		"  "		lda	COUNT
0162 : F0 D5 		"  "		beq	CHORUS
0164 : 8D 20 08 	"   "		sta	DISPLAY
0167 : D0 D4 		"  "		bne	IN
0169				SPLITZ:
0169 : A5 EA 		"  "		lda	OUTS
016B : 85 97 		"  "		sta	OLDKEY
016D				SELECT:
016D : 85 97 		"  "		sta	OLDKEY
016F : 20 2B 0D 	" + "		jsr	NOTE
0172 : A5 E7 		"  "		lda	KTBLMAX
0174 : F0 F7 		"  "		beq	SELECT
0176 : A4 97 		"  "		ldy	OLDKEY
0178 : D0 F3 		"  "		bne	SELECT
017A : A4 98 		"  "		ldy	COUNT
017C : 8C 20 08 	"   "		sty	DISPLAY
017F : 99 9C 00 	"   "		sta	SPLIT,y
0182 : C6 98 		"  "		dec	COUNT
0184 : D0 E7 		"  "		bne	SELECT
0186 : A9 FF 		"  "		lda	#$FF
0188 : 85 9B 		"  "		sta	SPLITMIN
018A				PERF:
018A : 20 BC 01 	"   "		jsr	CLEAR
018D : A2 08 		"  "		ldx	#$08
018F				NXTNOT:
018F : B5 DF 		"  "		lda	KTBL,x
0191 : F0 0C 		"  "		beq	NXT2
0193 : A4 EA 		"  "		ldy	OUTS
0195				NXT0:
0195 : D9 9C 00 	"   "		cmp	SPLIT,y
0198 : 90 03 		"  "		bcc	NXT1
019A : 88 			" "			dey
019B : D0 F8 		"  "		bne	NXT0
019D				NXT1:
019D : 91 99 		"  "		sta	(NTS),y
019F				NXT2:
019F : CA 			" "			dex
01A0 : D0 ED 		"  "		bne	NXTNOT
01A2 : 20 2B 0D 	" + "		jsr	NOTE
01A5 : A5 BF 		"  "		lda	CLK
01A7 : 8D 20 08 	"   "		sta	DISPLAY
01AA : 20 00 0F 	"   "		jsr	DECODE
01AD : C9 14 		"  "		cmp	#$14
01AF : F0 88 		"  "		beq	CHORUS
01B1 : C9 13 		"  "		cmp	#$13
01B3 : F0 B4 		"  "		beq	SPLITZ
01B5 : C9 16 		"  "		cmp	#$16
01B7 : D0 D1 		"  "		bne	PERF
01B9 : 4C 11 01 	"L  "		jmp	PLOOP
				;
01BC				CLEAR:
01BC : A4 EA 		"  "		ldy	OUTS
01BE				NANO:
01BE : B1 99 		"  "		lda	(NTS),y
01C0 : 29 3F 		")?"		and	#$3F
01C2 : 91 99 		"  "		sta	(NTS),y
01C4 : 88 			" "			dey
01C5 : D0 F7 		"  "		bne	NANO
01C7 : 60 			"`"			rts

;--------------------------------------------------------------
Symbol table
============

Value	Type	Name
-----	----	----
0097	 04	OLDKEY
0098	 04	COUNT
0099	 04	NTS
009A	 04	NTS+1
009B	 04	SPLITMIN
009C	 04	SPLIT
00BF	 04	CLK
00DF	 04	KTBL
00E7	 04	KTBLMAX
00EA	 04	OUTS
010E	 04	OPTN
0111	 04	PLOOP
012F	 04	MORE
0139	 04	CHORUS
013D	 04	IN
014C	 04	SAME
0150	 04	OUT
0169	 04	SPLITZ
016D	 04	SELECT
018A	 04	PERF
018F	 04	NXTNOT
0195	 04	NXT0
019D	 04	NXT1
019F	 04	NXT2
01BC	 04	CLEAR
01BE	 04	NANO
0820	 04	DISPLAY
0D21	 04	INIT
0D2B	 04	NOTE
0D52	 04	FILL
0D71	 04	POLY
0DC3	 04	TRNGN
0F00	 04	DECODE

Number of symbols:			33

;--------------------------------------------------------------